(sigma) ikarpushkina@aichem:/mnt/tank/scratch/ikarpushkina/sigma/ASPEN/scripts/evaluate_conformers$ python evaluate_conformers_orig_rdkit_conforge_avgflow_openbabel_vkr_model.py
2026-05-29 04:13:40,209 - ================================================================================
2026-05-29 04:13:40,209 - ОЦЕНКА МОДЕЛИ НА ТЕСТОВОЙ ВЫБОРКЕ ДЛЯ РАЗНЫХ КОНФОРМЕРОВ
2026-05-29 04:13:40,209 - ================================================================================
2026-05-29 04:13:40,209 - Вычисление весов бинов на обучающем датасете...
Сборка профилей: 100%|████████████████████████████████| 36981/36981 [00:12<00:00, 2937.18it/s]
2026-05-29 04:13:54,906 - Загрузка модели из /mnt/tank/scratch/ikarpushkina/sigma/ASPEN/models/schnet_with_moments_in_loss_my_vkr.pt
2026-05-29 04:13:55,194 - Модель загружена
2026-05-29 04:13:55,194 - Загрузка оригинального тестового датасета...
2026-05-29 04:13:55,595 - Загружено молекул: 7800, атомных записей: 221748
2026-05-29 04:13:55,596 - Загрузка координат Conforge из /mnt/tank/scratch/ikarpushkina/sigma/ASPEN/data/generated_conformers_df/chaos_atomic_test_3d_conforge.parquet...
Сборка Conforge: 100%|██████████████████████████████████| 7697/7697 [00:01<00:00, 4844.12it/s]
2026-05-29 04:13:57,647 - Загружено координат для 7697 молекул
2026-05-29 04:13:57,650 - Загрузка координат RDKit из /mnt/tank/scratch/ikarpushkina/sigma/ASPEN/data/generated_conformers_df/chaos_atomic_test_3d_rdkit.parquet...
Сборка RDKit: 100%|█████████████████████████████████████| 7795/7795 [00:01<00:00, 4854.13it/s]
2026-05-29 04:13:59,672 - Загружено координат для 7795 молекул
2026-05-29 04:13:59,677 - Загрузка координат AvgFlow из /mnt/tank/scratch/ikarpushkina/sigma/ASPEN/data/generated_conformers_df/chaos_atomic_test_3d_avgflow.parquet...
Сборка AvgFlow: 100%|███████████████████████████████████| 7798/7798 [00:01<00:00, 4487.75it/s]
2026-05-29 04:14:01,710 - Загружено координат для 7798 молекул
2026-05-29 04:14:01,715 - Загрузка координат OpenBabel из /mnt/tank/scratch/ikarpushkina/sigma/ASPEN/data/generated_conformers_df/chaos_atomic_test_3d_openbabel.parquet...
Сборка OpenBabel: 100%|█████████████████████████████████| 7800/7800 [00:01<00:00, 4858.05it/s]
2026-05-29 04:14:03,617 - Загружено координат для 7800 молекул
2026-05-29 04:14:04,345 - Conforge: молекула 10191 не найдена в словаре, пропуск
2026-05-29 04:14:04,355 - Conforge: молекула 10193 не найдена в словаре, пропуск
2026-05-29 04:14:04,417 - Conforge: молекула 10200 не найдена в словаре, пропуск
2026-05-29 04:14:04,520 - Conforge: молекула 10238 не найдена в словаре, пропуск
2026-05-29 04:14:04,531 - Conforge: молекула 10240 не найдена в словаре, пропуск
2026-05-29 04:14:04,727 - Conforge: молекула 10376 не найдена в словаре, пропуск
2026-05-29 04:14:05,107 - Conforge: молекула 10550 не найдена в словаре, пропуск
2026-05-29 04:14:05,117 - Conforge: молекула 10552 не найдена в словаре, пропуск
2026-05-29 04:14:05,726 - Conforge: молекула 107 не найдена в словаре, пропуск
2026-05-29 04:14:10,952 - Conforge: молекула 13 не найдена в словаре, пропуск
2026-05-29 04:14:11,127 - Conforge: молекула 14123 не найдена в словаре, пропуск
2026-05-29 04:14:13,639 - Conforge: молекула 15341 не найдена в словаре, пропуск
2026-05-29 04:14:13,650 - Conforge: молекула 15343 не найдена в словаре, пропуск
2026-05-29 04:14:16,920 - Conforge: молекула 16741 не найдена в словаре, пропуск
2026-05-29 04:14:19,944 - Conforge: молекула 18055 не найдена в словаре, пропуск
2026-05-29 04:14:21,648 - Conforge: молекула 1908 не найдена в словаре, пропуск
2026-05-29 04:14:23,941 - Conforge: молекула 2065 не найдена в словаре, пропуск
2026-05-29 04:14:25,772 - Conforge: молекула 2178 не найдена в словаре, пропуск
2026-05-29 04:14:27,731 - Conforge: молекула 23245 не найдена в словаре, пропуск
2026-05-29 04:14:27,742 - Conforge: молекула 23246 не найдена в словаре, пропуск
2026-05-29 04:14:29,347 - Conforge: молекула 24821 не найдена в словаре, пропуск
2026-05-29 04:14:29,358 - Conforge: молекула 24822 не найдена в словаре, пропуск
2026-05-29 04:14:29,369 - Conforge: молекула 24823 не найдена в словаре, пропуск
2026-05-29 04:14:29,379 - Conforge: молекула 24824 не найдена в словаре, пропуск
2026-05-29 04:14:30,473 - Conforge: молекула 25267 не найдена в словаре, пропуск
2026-05-29 04:14:30,505 - Conforge: молекула 25274 не найдена в словаре, пропуск
2026-05-29 04:14:31,276 - Conforge: молекула 25876 не найдена в словаре, пропуск
2026-05-29 04:14:31,286 - Conforge: молекула 25877 не найдена в словаре, пропуск
2026-05-29 04:14:31,297 - Conforge: молекула 25878 не найдена в словаре, пропуск
2026-05-29 04:14:31,308 - Conforge: молекула 25879 не найдена в словаре, пропуск
2026-05-29 04:14:31,319 - Conforge: молекула 25881 не найдена в словаре, пропуск
2026-05-29 04:14:31,329 - Conforge: молекула 25882 не найдена в словаре, пропуск
2026-05-29 04:14:31,833 - Conforge: молекула 26317 не найдена в словаре, пропуск
2026-05-29 04:14:31,844 - Conforge: молекула 26320 не найдена в словаре, пропуск
2026-05-29 04:14:31,854 - Conforge: молекула 26322 не найдена в словаре, пропуск
2026-05-29 04:14:31,865 - Conforge: молекула 26324 не найдена в словаре, пропуск
2026-05-29 04:14:31,961 - Conforge: молекула 26380 не найдена в словаре, пропуск
2026-05-29 04:14:33,313 - Conforge: молекула 27255 не найдена в словаре, пропуск
2026-05-29 04:14:33,324 - Conforge: молекула 27259 не найдена в словаре, пропуск
2026-05-29 04:14:33,335 - Conforge: молекула 27260 не найдена в словаре, пропуск
2026-05-29 04:14:33,345 - Conforge: молекула 27261 не найдена в словаре, пропуск
2026-05-29 04:14:33,356 - Conforge: молекула 27262 не найдена в словаре, пропуск
2026-05-29 04:14:34,211 - Conforge: молекула 28216 не найдена в словаре, пропуск
2026-05-29 04:14:36,972 - Conforge: молекула 29987 не найдена в словаре, пропуск
2026-05-29 04:14:37,066 - Conforge: молекула 30087 не найдена в словаре, пропуск
2026-05-29 04:14:37,077 - Conforge: молекула 30088 не найдена в словаре, пропуск
2026-05-29 04:14:38,460 - Conforge: молекула 31012 не найдена в словаре, пропуск
2026-05-29 04:14:38,673 - Conforge: молекула 31253 не найдена в словаре, пропуск
2026-05-29 04:14:38,695 - Conforge: молекула 31276 не найдена в словаре, пропуск
2026-05-29 04:14:38,791 - Conforge: молекула 31297 не найдена в словаре, пропуск
2026-05-29 04:14:40,116 - Conforge: молекула 32098 не найдена в словаре, пропуск
2026-05-29 04:14:40,147 - Conforge: молекула 32102 не найдена в словаре, пропуск
2026-05-29 04:14:40,158 - Conforge: молекула 32103 не найдена в словаре, пропуск
2026-05-29 04:14:40,168 - Conforge: молекула 32104 не найдена в словаре, пропуск
2026-05-29 04:14:40,179 - Conforge: молекула 32105 не найдена в словаре, пропуск
2026-05-29 04:14:42,348 - Conforge: молекула 32818 не найдена в словаре, пропуск
2026-05-29 04:14:42,359 - Conforge: молекула 32819 не найдена в словаре, пропуск
2026-05-29 04:14:42,370 - Conforge: молекула 32820 не найдена в словаре, пропуск
2026-05-29 04:14:44,294 - Conforge: молекула 34045 не найдена в словаре, пропуск
2026-05-29 04:14:45,761 - Conforge: молекула 35580 не найдена в словаре, пропуск
2026-05-29 04:14:46,091 - Conforge: молекула 35760 не найдена в словаре, пропуск
2026-05-29 04:14:46,409 - Conforge: молекула 36096 не найдена в словаре, пропуск
2026-05-29 04:14:46,793 - Conforge: молекула 36298 не найдена в словаре, пропуск
2026-05-29 04:14:47,211 - Conforge: молекула 36583 не найдена в словаре, пропуск
2026-05-29 04:14:47,221 - Conforge: молекула 36591 не найдена в словаре, пропуск
2026-05-29 04:14:47,232 - Conforge: молекула 36601 не найдена в словаре, пропуск
2026-05-29 04:14:47,415 - Conforge: молекула 36787 не найдена в словаре, пропуск
2026-05-29 04:14:47,426 - Conforge: молекула 36790 не найдена в словаре, пропуск
2026-05-29 04:14:47,479 - Conforge: молекула 36853 не найдена в словаре, пропуск
2026-05-29 04:14:47,749 - Conforge: молекула 37077 не найдена в словаре, пропуск
2026-05-29 04:14:53,769 - Conforge: молекула 40512 не найдена в словаре, пропуск
2026-05-29 04:14:53,780 - Conforge: молекула 40513 не найдена в словаре, пропуск
2026-05-29 04:14:53,791 - Conforge: молекула 40514 не найдена в словаре, пропуск
2026-05-29 04:14:54,077 - Conforge: молекула 40858 не найдена в словаре, пропуск
2026-05-29 04:14:54,088 - Conforge: молекула 40860 не найдена в словаре, пропуск
2026-05-29 04:14:55,025 - Conforge: молекула 41653 не найдена в словаре, пропуск
2026-05-29 04:14:56,566 - Conforge: молекула 42335 не найдена в словаре, пропуск
2026-05-29 04:14:56,577 - Conforge: молекула 42336 не найдена в словаре, пропуск
2026-05-29 04:14:56,588 - Conforge: молекула 42337 не найдена в словаре, пропуск
2026-05-29 04:14:56,717 - Conforge: молекула 42364 не найдена в словаре, пропуск
2026-05-29 04:14:58,531 - Conforge: молекула 43518 не найдена в словаре, пропуск
2026-05-29 04:15:00,130 - Conforge: молекула 44425 не найдена в словаре, пропуск
2026-05-29 04:15:01,331 - Conforge: молекула 44949 не найдена в словаре, пропуск
2026-05-29 04:15:01,566 - Conforge: молекула 45083 не найдена в словаре, пропуск
2026-05-29 04:15:01,736 - Conforge: молекула 45160 не найдена в словаре, пропуск
2026-05-29 04:15:12,085 - Conforge: молекула 50200 не найдена в словаре, пропуск
2026-05-29 04:15:12,096 - Conforge: молекула 50201 не найдена в словаре, пропуск
2026-05-29 04:15:12,106 - Conforge: молекула 50202 не найдена в словаре, пропуск
2026-05-29 04:15:12,116 - Conforge: молекула 50203 не найдена в словаре, пропуск
2026-05-29 04:15:14,470 - Conforge: молекула 50998 не найдена в словаре, пропуск
2026-05-29 04:15:14,521 - Conforge: молекула 51085 не найдена в словаре, пропуск
2026-05-29 04:15:16,462 - Conforge: молекула 52481 не найдена в словаре, пропуск
2026-05-29 04:15:16,513 - Conforge: молекула 52616 не найдена в словаре, пропуск
2026-05-29 04:15:16,657 - Conforge: молекула 52749 не найдена в словаре, пропуск
2026-05-29 04:15:17,554 - Conforge: молекула 5615 не найдена в словаре, пропуск
2026-05-29 04:15:17,564 - Conforge: молекула 5618 не найдена в словаре, пропуск
2026-05-29 04:15:22,430 - Conforge: молекула 8022 не найдена в словаре, пропуск
2026-05-29 04:15:22,570 - Conforge: молекула 8096 не найдена в словаре, пропуск
2026-05-29 04:15:24,018 - Conforge: молекула 8976 не найдена в словаре, пропуск
2026-05-29 04:15:25,101 - Conforge: молекула 9487 не найдена в словаре, пропуск
2026-05-29 04:15:25,527 - Conforge: молекула 9778 не найдена в словаре, пропуск
2026-05-29 04:15:25,537 - Conforge: молекула 9779 не найдена в словаре, пропуск
2026-05-29 04:15:25,547 - Conforge: молекула 9780 не найдена в словаре, пропуск
2026-05-29 04:15:26,184 - Conforge: загружено 7697 молекул
2026-05-29 04:15:31,477 - RDKit: молекула 12568 не найдена в словаре, пропуск
2026-05-29 04:15:31,890 - RDKit: молекула 12817 не найдена в словаре, пропуск
2026-05-29 04:15:40,674 - RDKit: молекула 17355 не найдена в словаре, пропуск
2026-05-29 04:15:51,668 - RDKit: молекула 25106 не найдена в словаре, пропуск
2026-05-29 04:16:15,203 - RDKit: молекула 40636 не найдена в словаре, пропуск
2026-05-29 04:16:47,627 - RDKit: загружено 7795 молекул
2026-05-29 04:16:48,327 - AvgFlow: молекула 10200 не найдена в словаре, пропуск
2026-05-29 04:17:15,133 - AvgFlow: молекула 26380 не найдена в словаре, пропуск
2026-05-29 04:18:07,821 - AvgFlow: загружено 7798 молекул
2026-05-29 04:19:28,261 - OpenBabel: загружено 7800 молекул
2026-05-29 04:19:28,261 -
============================================================
ОЦЕНКА НА ORIGINAL
============================================================
Предсказание: 100%|█████████████████████████████████████████| 244/244 [01:23<00:00,  2.92it/s]
2026-05-29 04:21:45,688 -
============================================================
ОЦЕНКА НА CONFORGE
============================================================
Предсказание: 100%|████████████████████████████████████████| 241/241 [00:01<00:00, 149.44it/s]
2026-05-29 04:22:40,199 -
============================================================
ОЦЕНКА НА RDKIT
============================================================
Предсказание: 100%|████████████████████████████████████████| 244/244 [00:01<00:00, 148.41it/s]
2026-05-29 04:23:35,685 -
============================================================
ОЦЕНКА НА AVGFLOW
============================================================
Предсказание: 100%|████████████████████████████████████████| 244/244 [00:01<00:00, 149.28it/s]
2026-05-29 04:24:31,145 -
============================================================
ОЦЕНКА НА OPENBABEL
============================================================
Предсказание: 100%|████████████████████████████████████████| 244/244 [00:01<00:00, 149.37it/s]
2026-05-29 04:25:26,623 -
====================================================================================================
2026-05-29 04:25:26,624 - Metric                         | original        | conforge        | rdkit           | avgflow         | openbabel
2026-05-29 04:25:26,624 - ------------------------------------------------------------------------------------------------------------------------
2026-05-29 04:25:26,624 - weighted_r2                    | 0.893897        | 0.796318        | 0.796628        | 0.800891        | 0.774914
2026-05-29 04:25:26,624 - weighted_mae                   | 0.114912        | 0.156304        | 0.157281        | 0.154672        | 0.164335
2026-05-29 04:25:26,624 - mae                            | 0.055169        | 0.073715        | 0.073036        | 0.072083        | 0.076520
2026-05-29 04:25:26,624 - polar_mae                      | 0.018497        | 0.023285        | 0.021940        | 0.021700        | 0.023301
2026-05-29 04:25:26,624 - sobolev                        | 74.844238       | 86.656105       | 85.907753       | 84.950844       | 87.808151
2026-05-29 04:25:26,624 - cosine_similarity              | 0.924065        | 0.877078        | 0.879244        | 0.879812        | 0.869204
2026-05-29 04:25:26,624 - emd_raw                        | 0.000655        | 0.001179        | 0.001162        | 0.001157        | 0.001273
2026-05-29 04:25:26,624 - emd_norm                       | 0.000655        | 0.001179        | 0.001162        | 0.001157        | 0.001273
2026-05-29 04:25:26,624 - area_mae                       | 0.002814        | 0.003759        | 0.003725        | 0.003676        | 0.003903
2026-05-29 04:25:26,624 - moment1_mae                    | 0.000470        | 0.001021        | 0.001005        | 0.000994        | 0.001109
2026-05-29 04:25:26,624 - moment2_mae                    | 0.000006        | 0.000011        | 0.000011        | 0.000011        | 0.000012
2026-05-29 04:25:26,624 - moment3_mae                    | 0.000000        | 0.000000        | 0.000000        | 0.000000        | 0.000000
2026-05-29 04:25:26,624 - moment4_mae                    | 0.000000        | 0.000000        | 0.000000        | 0.000000        | 0.000000
2026-05-29 04:25:26,624 - molecular_mae                  | 0.586503        | 0.772415        | 0.728524        | 0.688183        | 0.792520
2026-05-29 04:25:26,624 - molecular_emd                  | 0.000277        | 0.000415        | 0.000391        | 0.000354        | 0.000432
2026-05-29 04:25:26,624 - molecular_cosine               | 0.991598        | 0.985623        | 0.987055        | 0.988559        | 0.985034
2026-05-29 04:25:26,625 - molecular_polar_mae            | 0.311301        | 0.385574        | 0.358804        | 0.340492        | 0.384709
2026-05-29 04:25:26,625 - molecular_area_mae             | 0.029912        | 0.039393        | 0.037155        | 0.035097        | 0.040419
2026-05-29 04:25:26,625 - ====================================================================================================
Traceback (most recent call last):
  File "/mnt/tank/scratch/ikarpushkina/sigma/ASPEN/scripts/evaluate_conformers/evaluate_conformers_orig_rdkit_conforge_avgflow_openbabel_vkr_model.py", line 506, in <module>
    json.dump(final_results, f, indent=2)
  File "/mnt/tank/scratch/ikarpushkina/miniconda3/envs/sigma/lib/python3.10/json/__init__.py", line 179, in dump
    for chunk in iterable:
  File "/mnt/tank/scratch/ikarpushkina/miniconda3/envs/sigma/lib/python3.10/json/encoder.py", line 431, in _iterencode
    yield from _iterencode_dict(o, _current_indent_level)
  File "/mnt/tank/scratch/ikarpushkina/miniconda3/envs/sigma/lib/python3.10/json/encoder.py", line 405, in _iterencode_dict
    yield from chunks
  File "/mnt/tank/scratch/ikarpushkina/miniconda3/envs/sigma/lib/python3.10/json/encoder.py", line 405, in _iterencode_dict
    yield from chunks
  File "/mnt/tank/scratch/ikarpushkina/miniconda3/envs/sigma/lib/python3.10/json/encoder.py", line 405, in _iterencode_dict
    yield from chunks
  File "/mnt/tank/scratch/ikarpushkina/miniconda3/envs/sigma/lib/python3.10/json/encoder.py", line 438, in _iterencode
    o = _default(o)
  File "/mnt/tank/scratch/ikarpushkina/miniconda3/envs/sigma/lib/python3.10/json/encoder.py", line 179, in default
    raise TypeError(f'Object of type {o.__class__.__name__} '
