2026-05-14 05:24:09,683 - INFO - 1. Инициализация датасета и разбиения (use_cache=False)...
2026-05-14 05:24:21,229 - INFO - 2. Загрузка сгенерированных координат...
2026-05-14 05:24:21,230 - INFO - Загрузка координат Conforge из /mnt/tank/scratch/ikarpushkina/sigma/ASPEN/data/generated_conformers_df/chaos_atomic_sigma_3d_conforge.parquet...
2026-05-14 05:24:39,501 - INFO - Загрузка координат RDKit из /mnt/tank/scratch/ikarpushkina/sigma/ASPEN/data/generated_conformers_df/chaos_atomic_sigma_3d_rdkit.parquet...
2026-05-14 05:24:57,971 - INFO - 3. Формирование тестовых датасетов (с подменой pos)...
2026-05-14 05:26:08,084 - INFO - 4. Инициализация модели и загрузка весов...
2026-05-14 05:26:08,612 - INFO - 
============================================================
ОЦЕНКА НА ОРИГИНАЛЬНЫХ КООРДИНАТАХ
============================================================
2026-05-14 05:27:04,216 - INFO - 
============================================================
ОЦЕНКА НА КООРДИНАТАХ CONFORGE
============================================================
2026-05-14 05:27:26,262 - INFO - 
============================================================
ОЦЕНКА НА КООРДИНАТАХ RDKIT
============================================================
2026-05-14 05:27:48,802 - INFO - 
=====================================================================================
2026-05-14 05:27:48,802 - INFO - Метрика                   | Original        | Conforge        | RDKit          
2026-05-14 05:27:48,802 - INFO - -------------------------------------------------------------------------------------
2026-05-14 05:27:48,803 - INFO - huber_loss                | 0.00880         | 0.01851         | 0.01828        
2026-05-14 05:27:48,803 - INFO - r2_score                  | 0.90521         | 0.78846         | 0.79242        
2026-05-14 05:27:48,803 - INFO - mae                       | 0.05143         | 0.07155         | 0.07150        
2026-05-14 05:27:48,803 - INFO - polar_mae                 | 0.01524         | 0.02045         | 0.01939        
2026-05-14 05:27:48,803 - INFO - sobolev                   | 66.81774        | 80.29855        | 80.31429       
2026-05-14 05:27:48,803 - INFO - cosine_similarity         | 0.93970         | 0.89196         | 0.89257        
2026-05-14 05:27:48,803 - INFO - emd_raw                   | 0.00067         | 0.00113         | 0.00112        
2026-05-14 05:27:48,803 - INFO - emd_norm                  | 0.00067         | 0.00113         | 0.00112        
2026-05-14 05:27:48,803 - INFO - molecular_mae             | 0.47609         | 0.70492         | 0.67791        
2026-05-14 05:27:48,803 - INFO - molecular_emd             | 0.00024         | 0.00038         | 0.00036        
2026-05-14 05:27:48,803 - INFO - molecular_cosine          | 0.99373         | 0.98769         | 0.98810        
2026-05-14 05:27:48,803 - INFO - molecular_polar_mae       | 0.20979         | 0.29905         | 0.27843        
2026-05-14 05:27:48,803 - INFO - =====================================================================================
2026-05-14 05:32:13,285 - INFO - 1. Инициализация датасета и разбиения (use_cache=False)...
2026-05-14 05:32:13,552 - INFO - 2. Загрузка сгенерированных координат...
2026-05-14 05:32:13,552 - INFO - Загрузка координат Conforge из /mnt/tank/scratch/ikarpushkina/sigma/ASPEN/data/generated_conformers_df/chaos_atomic_sigma_3d_conforge.parquet...
2026-05-14 05:32:31,609 - INFO - Загрузка координат RDKit из /mnt/tank/scratch/ikarpushkina/sigma/ASPEN/data/generated_conformers_df/chaos_atomic_sigma_3d_rdkit.parquet...
2026-05-14 05:32:49,433 - INFO - 3. Формирование тестовых датасетов (с подменой pos)...
2026-05-14 05:33:54,827 - INFO - 4. Инициализация модели и загрузка весов...
2026-05-14 05:33:55,303 - INFO - 
============================================================
ОЦЕНКА НА ОРИГИНАЛЬНЫХ КООРДИНАТАХ
============================================================
2026-05-14 05:34:49,042 - INFO - 
============================================================
ОЦЕНКА НА КООРДИНАТАХ CONFORGE
============================================================
2026-05-14 05:35:11,101 - INFO - 
============================================================
ОЦЕНКА НА КООРДИНАТАХ RDKIT
============================================================
2026-05-14 05:35:33,353 - INFO - 
=====================================================================================
2026-05-14 05:35:33,353 - INFO - Метрика                   | Original        | Conforge        | RDKit          
2026-05-14 05:35:33,353 - INFO - -------------------------------------------------------------------------------------
2026-05-14 05:35:33,353 - INFO - huber_loss                | 0.00880         | 0.01851         | 0.01828        
2026-05-14 05:35:33,353 - INFO - r2_score                  | 0.90521         | 0.78846         | 0.79242        
2026-05-14 05:35:33,353 - INFO - mae                       | 0.05143         | 0.07155         | 0.07150        
2026-05-14 05:35:33,353 - INFO - polar_mae                 | 0.01524         | 0.02045         | 0.01939        
2026-05-14 05:35:33,353 - INFO - sobolev                   | 66.81774        | 80.29855        | 80.31429       
2026-05-14 05:35:33,353 - INFO - cosine_similarity         | 0.93970         | 0.89196         | 0.89257        
2026-05-14 05:35:33,354 - INFO - emd_raw                   | 0.00067         | 0.00113         | 0.00112        
2026-05-14 05:35:33,354 - INFO - emd_norm                  | 0.00067         | 0.00113         | 0.00112        
2026-05-14 05:35:33,354 - INFO - molecular_mae             | 0.47609         | 0.70492         | 0.67791        
2026-05-14 05:35:33,354 - INFO - molecular_emd             | 0.00024         | 0.00038         | 0.00036        
2026-05-14 05:35:33,354 - INFO - molecular_cosine          | 0.99373         | 0.98769         | 0.98810        
2026-05-14 05:35:33,354 - INFO - molecular_polar_mae       | 0.20979         | 0.29905         | 0.27843        
2026-05-14 05:35:33,354 - INFO - =====================================================================================
2026-05-14 05:35:33,357 - INFO - ✅ Результаты сохранены в /mnt/tank/scratch/ikarpushkina/sigma/ASPEN/data/conformers_evaluation_metrics.json
