2026-06-17 11:50:04,782 - INFO - Device: cuda
2026-06-17 11:50:04,866 - INFO - Building dataset from /mnt/tank/scratch/ikarpushkina/sigma/ASPEN/data/train_test_val_df/chaos_atomic_train_with_coordinates.parquet (no cache found)
2026-06-17 11:56:12,171 - INFO - Caching dataset to: /mnt/tank/scratch/ikarpushkina/sigma/ASPEN/data/train_test_val_df/cache/chaos_atomic_train_with_coordinates.parquet.2a0efbb7f4.pt
2026-06-17 11:56:43,110 - INFO - chaos_atomic_train_with_coordinates.parquet: 36981 molecules, 1077949 atoms, extended=True, RDKit mol valid: 36981/36981 (100.0%)
2026-06-17 11:56:43,113 - INFO - Building dataset from /mnt/tank/scratch/ikarpushkina/sigma/ASPEN/data/train_test_val_df/chaos_atomic_val_with_coordinates.parquet (no cache found)
2026-06-17 11:58:04,207 - INFO - Caching dataset to: /mnt/tank/scratch/ikarpushkina/sigma/ASPEN/data/train_test_val_df/cache/chaos_atomic_val_with_coordinates.parquet.2a0efbb7f4.pt
2026-06-17 11:58:11,218 - INFO - chaos_atomic_val_with_coordinates.parquet: 7941 molecules, 235573 atoms, extended=True, RDKit mol valid: 7941/7941 (100.0%)
2026-06-17 11:58:11,221 - INFO - Building dataset from /mnt/tank/scratch/ikarpushkina/sigma/ASPEN/data/train_test_val_df/chaos_atomic_test_with_coordinates.parquet (no cache found)
2026-06-17 11:59:29,271 - INFO - Caching dataset to: /mnt/tank/scratch/ikarpushkina/sigma/ASPEN/data/train_test_val_df/cache/chaos_atomic_test_with_coordinates.parquet.2a0efbb7f4.pt
2026-06-17 11:59:36,435 - INFO - chaos_atomic_test_with_coordinates.parquet: 7800 molecules, 221748 atoms, extended=True, RDKit mol valid: 7800/7800 (100.0%)
2026-06-17 11:59:38,250 - INFO - attentive_fp: 748,435 params (target 695,667, diff 7.6%)
2026-06-17 12:01:07,900 - INFO - [attentive_fp_seed0_mse] Epoch   1/200 | Train=0.08726 | Val=0.05833 | wMAE=0.197251 | PolarMAE=0.031230 | EMD=0.001870 | MolEMD=0.000694 | R2=0.7288 | LR=2.98e-04 | 89.6s
2026-06-17 12:01:08,012 - INFO -   -> new best (weighted_mae=0.197251), saved results/checkpoints/attentive_fp_seed0_mse.pt
2026-06-17 12:02:31,709 - INFO - [attentive_fp_seed0_mse] Epoch   2/200 | Train=0.05346 | Val=0.05022 | wMAE=0.181073 | PolarMAE=0.026989 | EMD=0.001620 | MolEMD=0.000571 | R2=0.7637 | LR=2.93e-04 | 83.7s
2026-06-17 12:02:31,777 - INFO -   -> new best (weighted_mae=0.181073), saved results/checkpoints/attentive_fp_seed0_mse.pt
2026-06-17 12:03:51,161 - INFO - [attentive_fp_seed0_mse] Epoch   3/200 | Train=0.04765 | Val=0.04836 | wMAE=0.177782 | PolarMAE=0.025153 | EMD=0.001518 | MolEMD=0.000534 | R2=0.7696 | LR=2.84e-04 | 79.4s
2026-06-17 12:03:51,232 - INFO -   -> new best (weighted_mae=0.177782), saved results/checkpoints/attentive_fp_seed0_mse.pt
2026-06-17 12:05:07,296 - INFO - [attentive_fp_seed0_mse] Epoch   4/200 | Train=0.04454 | Val=0.04568 | wMAE=0.169780 | PolarMAE=0.023997 | EMD=0.001395 | MolEMD=0.000482 | R2=0.7832 | LR=2.71e-04 | 76.1s
2026-06-17 12:05:07,366 - INFO -   -> new best (weighted_mae=0.169780), saved results/checkpoints/attentive_fp_seed0_mse.pt
2026-06-17 12:06:22,138 - INFO - [attentive_fp_seed0_mse] Epoch   5/200 | Train=0.04247 | Val=0.04370 | wMAE=0.166631 | PolarMAE=0.022680 | EMD=0.001320 | MolEMD=0.000474 | R2=0.7934 | LR=2.56e-04 | 74.8s
2026-06-17 12:06:22,206 - INFO -   -> new best (weighted_mae=0.166631), saved results/checkpoints/attentive_fp_seed0_mse.pt
2026-06-17 12:07:37,623 - INFO - [attentive_fp_seed0_mse] Epoch   6/200 | Train=0.04100 | Val=0.04330 | wMAE=0.164015 | PolarMAE=0.022696 | EMD=0.001298 | MolEMD=0.000461 | R2=0.7957 | LR=2.38e-04 | 75.4s
2026-06-17 12:07:37,697 - INFO -   -> new best (weighted_mae=0.164015), saved results/checkpoints/attentive_fp_seed0_mse.pt
2026-06-17 12:08:56,418 - INFO - [attentive_fp_seed0_mse] Epoch   7/200 | Train=0.03982 | Val=0.04243 | wMAE=0.162698 | PolarMAE=0.022833 | EMD=0.001310 | MolEMD=0.000490 | R2=0.7998 | LR=2.18e-04 | 78.7s
2026-06-17 12:08:56,489 - INFO -   -> new best (weighted_mae=0.162698), saved results/checkpoints/attentive_fp_seed0_mse.pt
2026-06-17 12:10:11,407 - INFO - [attentive_fp_seed0_mse] Epoch   8/200 | Train=0.03872 | Val=0.04118 | wMAE=0.161557 | PolarMAE=0.021934 | EMD=0.001268 | MolEMD=0.000446 | R2=0.8058 | LR=1.97e-04 | 74.9s
2026-06-17 12:10:11,476 - INFO -   -> new best (weighted_mae=0.161557), saved results/checkpoints/attentive_fp_seed0_mse.pt
2026-06-17 12:11:26,323 - INFO - [attentive_fp_seed0_mse] Epoch   9/200 | Train=0.03778 | Val=0.04025 | wMAE=0.160347 | PolarMAE=0.021367 | EMD=0.001227 | MolEMD=0.000420 | R2=0.8085 | LR=1.74e-04 | 74.8s
2026-06-17 12:11:26,394 - INFO -   -> new best (weighted_mae=0.160347), saved results/checkpoints/attentive_fp_seed0_mse.pt
2026-06-17 12:12:42,302 - INFO - [attentive_fp_seed0_mse] Epoch  10/200 | Train=0.03713 | Val=0.03978 | wMAE=0.158379 | PolarMAE=0.021110 | EMD=0.001208 | MolEMD=0.000419 | R2=0.8115 | LR=1.50e-04 | 75.9s
2026-06-17 12:12:42,373 - INFO -   -> new best (weighted_mae=0.158379), saved results/checkpoints/attentive_fp_seed0_mse.pt
slurmstepd-aihub: error: *** JOB 6891 ON aihub CANCELLED AT 2026-06-17T12:13:14 ***
