Job started: Tue Jun 16 01:52:05 AM MSK 2026
Node: aihub
Tue Jun 16 01:52:05 2026       
+-----------------------------------------------------------------------------------------+
| NVIDIA-SMI 580.159.03             Driver Version: 580.159.03     CUDA Version: 13.0     |
+-----------------------------------------+------------------------+----------------------+
| GPU  Name                 Persistence-M | Bus-Id          Disp.A | Volatile Uncorr. ECC |
| Fan  Temp   Perf          Pwr:Usage/Cap |           Memory-Usage | GPU-Util  Compute M. |
|                                         |                        |               MIG M. |
|=========================================+========================+======================|
|   0  NVIDIA RTX A6000               Off |   00000000:01:00.0 Off |                  Off |
| 50%   76C    P2            291W /  300W |   26366MiB /  49140MiB |    100%      Default |
|                                         |                        |                  N/A |
+-----------------------------------------+------------------------+----------------------+
|   1  NVIDIA RTX A6000               Off |   00000000:25:00.0 Off |                  Off |
| 30%   27C    P8             20W /  300W |       4MiB /  49140MiB |      0%      Default |
|                                         |                        |                  N/A |
+-----------------------------------------+------------------------+----------------------+
|   2  NVIDIA RTX A6000               Off |   00000000:41:00.0 Off |                  Off |
| 30%   28C    P8             20W /  300W |       4MiB /  49140MiB |      0%      Default |
|                                         |                        |                  N/A |
+-----------------------------------------+------------------------+----------------------+
|   3  NVIDIA RTX A6000               Off |   00000000:81:00.0 Off |                  Off |
| 30%   29C    P8             14W /  300W |       4MiB /  49140MiB |      0%      Default |
|                                         |                        |                  N/A |
+-----------------------------------------+------------------------+----------------------+
|   4  NVIDIA RTX A6000               Off |   00000000:A1:00.0 Off |                  Off |
| 30%   29C    P8             24W /  300W |       5MiB /  49140MiB |      0%      Default |
|                                         |                        |                  N/A |
+-----------------------------------------+------------------------+----------------------+
|   5  NVIDIA RTX A6000               Off |   00000000:C2:00.0 Off |                  Off |
| 30%   27C    P8             19W /  300W |       5MiB /  49140MiB |      0%      Default |
|                                         |                        |                  N/A |
+-----------------------------------------+------------------------+----------------------+

+-----------------------------------------------------------------------------------------+
| Processes:                                                                              |
|  GPU   GI   CI              PID   Type   Process name                        GPU Memory |
|        ID   ID                                                               Usage      |
|=========================================================================================|
|    0   N/A  N/A         3544362      C   ...onda3/envs/frmedqa/bin/python      26350MiB |
+-----------------------------------------------------------------------------------------+

=========================================
  gcn | seed 0 | Tue Jun 16 01:52:06 AM MSK 2026
=========================================
  Done: gcn seed 0

=========================================
  gcn | seed 1 | Tue Jun 16 03:02:04 AM MSK 2026
=========================================
  Done: gcn seed 1

=========================================
  gcn | seed 2 | Tue Jun 16 04:10:58 AM MSK 2026
=========================================
  Done: gcn seed 2

=========================================
  gat | seed 0 | Tue Jun 16 05:22:50 AM MSK 2026
=========================================
  Done: gat seed 0

=========================================
  gat | seed 1 | Tue Jun 16 06:39:19 AM MSK 2026
=========================================
  Done: gat seed 1

=========================================
  gat | seed 2 | Tue Jun 16 07:57:16 AM MSK 2026
=========================================
  Done: gat seed 2

=========================================
  gatv2 | seed 0 | Tue Jun 16 09:14:40 AM MSK 2026
=========================================
  Done: gatv2 seed 0

=========================================
  gatv2 | seed 1 | Tue Jun 16 10:35:45 AM MSK 2026
=========================================
  Done: gatv2 seed 1

=========================================
  gatv2 | seed 2 | Tue Jun 16 12:04:23 PM MSK 2026
=========================================
  Done: gatv2 seed 2

=========================================
  gine | seed 0 | Tue Jun 16 01:27:12 PM MSK 2026
=========================================
  Done: gine seed 0

=========================================
  gine | seed 1 | Tue Jun 16 04:07:35 PM MSK 2026
=========================================
  Done: gine seed 1

=========================================
  gine | seed 2 | Tue Jun 16 05:34:15 PM MSK 2026
=========================================
  Done: gine seed 2

=========================================
  schnet | seed 0 | Tue Jun 16 06:59:32 PM MSK 2026
=========================================
  Done: schnet seed 0

=========================================
  schnet | seed 1 | Tue Jun 16 08:34:59 PM MSK 2026
=========================================
  Done: schnet seed 1

=========================================
  schnet | seed 2 | Tue Jun 16 10:05:47 PM MSK 2026
=========================================
  Done: schnet seed 2

All runs finished: Tue Jun 16 11:37:53 PM MSK 2026
Aggregating results...
         model |        n_seeds |       n_params |   weighted_mae |    weighted_r2 |      polar_mae |        emd_raw |  molecular_mae |  molecular_emd
           gat |              3 |        701,683 | 0.16948±0.00035 | 0.78690±0.00078 | 0.02227±0.00004 | 0.00130±0.00001 | 0.70017±0.00219 | 0.00038±0.00000
         gatv2 |              3 |        690,981 | 0.16738±0.00028 | 0.79174±0.00078 | 0.02214±0.00002 | 0.00129±0.00000 | 0.68744±0.00168 | 0.00037±0.00000
           gcn |              3 |        694,032 | 0.17755±0.00009 | 0.76471±0.00013 | 0.02314±0.00011 | 0.00136±0.00000 | 0.76219±0.00040 | 0.00043±0.00000
          gine |              3 |        693,494 | 0.11725±0.00245 | 0.90001±0.00382 | 0.01762±0.00033 | 0.00079±0.00003 | 0.50754±0.01075 | 0.00026±0.00001
        schnet |              3 |        693,202 | 0.11465±0.00006 | 0.90498±0.00014 | 0.01730±0.00008 | 0.00075±0.00001 | 0.49316±0.00059 | 0.00025±0.00000

Written: results/comparison_table_level1.csv
Done. Results: results/comparison_table_level1.csv
