Job started: Wed Jun 17 10:59:29 PM MSK 2026
Node: aihub
Wed Jun 17 22:59:29 2026       
+-----------------------------------------------------------------------------------------+
| NVIDIA-SMI 580.159.03             Driver Version: 580.159.03     CUDA Version: 13.0     |
+-----------------------------------------+------------------------+----------------------+
| GPU  Name                 Persistence-M | Bus-Id          Disp.A | Volatile Uncorr. ECC |
| Fan  Temp   Perf          Pwr:Usage/Cap |           Memory-Usage | GPU-Util  Compute M. |
|                                         |                        |               MIG M. |
|=========================================+========================+======================|
|   0  NVIDIA RTX A6000               Off |   00000000:01:00.0 Off |                  Off |
| 47%   72C    P2            284W /  300W |   26406MiB /  49140MiB |    100%      Default |
|                                         |                        |                  N/A |
+-----------------------------------------+------------------------+----------------------+
|   1  NVIDIA RTX A6000               Off |   00000000:25:00.0 Off |                  Off |
| 30%   28C    P8             20W /  300W |       4MiB /  49140MiB |      0%      Default |
|                                         |                        |                  N/A |
+-----------------------------------------+------------------------+----------------------+
|   2  NVIDIA RTX A6000               Off |   00000000:41:00.0 Off |                  Off |
| 40%   68C    P2            295W /  300W |   15294MiB /  49140MiB |    100%      Default |
|                                         |                        |                  N/A |
+-----------------------------------------+------------------------+----------------------+
|   3  NVIDIA RTX A6000               Off |   00000000:81:00.0 Off |                  Off |
| 44%   72C    P2            293W /  300W |   31797MiB /  49140MiB |    100%      Default |
|                                         |                        |                  N/A |
+-----------------------------------------+------------------------+----------------------+
|   4  NVIDIA RTX A6000               Off |   00000000:A1:00.0 Off |                  Off |
| 42%   70C    P2            269W /  300W |   33568MiB /  49140MiB |    100%      Default |
|                                         |                        |                  N/A |
+-----------------------------------------+------------------------+----------------------+
|   5  NVIDIA RTX A6000               Off |   00000000:C2:00.0 Off |                  Off |
| 37%   67C    P2            281W /  300W |   36156MiB /  49140MiB |    100%      Default |
|                                         |                        |                  N/A |
+-----------------------------------------+------------------------+----------------------+

+-----------------------------------------------------------------------------------------+
| Processes:                                                                              |
|  GPU   GI   CI              PID   Type   Process name                        GPU Memory |
|        ID   ID                                                               Usage      |
|=========================================================================================|
|    0   N/A  N/A         3544362      C   ...onda3/envs/frmedqa/bin/python      26390MiB |
|    2   N/A  N/A          965718      C   python                                15274MiB |
|    3   N/A  N/A          936527      C   ...envs/fakeshield/bin/python3.9      30808MiB |
|    3   N/A  N/A          948490      C   python3                                 974MiB |
|    4   N/A  N/A          936528      C   ...envs/fakeshield/bin/python3.9      33558MiB |
|    5   N/A  N/A          936529      C   ...envs/fakeshield/bin/python3.9      36146MiB |
+-----------------------------------------------------------------------------------------+
Models: gps
Seeds:  0 1 2

=========================================
  gps | seed 0 | Wed Jun 17 10:59:29 PM MSK 2026
=========================================
  Done: gps seed 0

=========================================
  gps | seed 1 | Thu Jun 18 01:19:14 AM MSK 2026
=========================================
  Done: gps seed 1

=========================================
  gps | seed 2 | Thu Jun 18 03:38:28 AM MSK 2026
=========================================
  Done: gps seed 2

All runs finished: Thu Jun 18 07:59:39 AM MSK 2026
Aggregating results...
----------------------------------------------------------------------------------------------------------------------------------
  Benchmark results  |  loss=mse  |  dir: results/metrics
  * = best mean for this metric
----------------------------------------------------------------------------------------------------------------------------------
model       n_params    seeds             weighted_r2            weighted_mae               polar_mae       cosine_similarity                 emd_raw          emd_normalized           molecular_mae           molecular_emd        molecular_cosine     molecular_polar_mae
----------------------------------------------------------------------------------------------------------------------------------
schnet       693,202 [0, 1, 2]        0.90498±0.00014*        0.11465±0.00006*        0.01730±0.00008*        0.93494±0.00025*        0.00075±0.00001*        0.00075±0.00001*        0.49316±0.00059*        0.00025±0.00000*        0.99396±0.00002*        0.22944±0.00084*
gine         693,494 [0, 1, 2]        0.90001±0.00382         0.11725±0.00245         0.01762±0.00033         0.93214±0.00195         0.00079±0.00003         0.00079±0.00003         0.50754±0.01075         0.00026±0.00001         0.99362±0.00028         0.23264±0.00482 
gps          693,831 [0, 1, 2]        0.89978±0.00341         0.11734±0.00223         0.01774±0.00027         0.93237±0.00183         0.00080±0.00003         0.00080±0.00003         0.50600±0.01007         0.00026±0.00001         0.99362±0.00024         0.23408±0.00448 
attentive_fp   691,830 [0, 1, 2]        0.86944±0.00072         0.13326±0.00036         0.01927±0.00003         0.91845±0.00027         0.00096±0.00000         0.00096±0.00000         0.57078±0.00277         0.00030±0.00000         0.99188±0.00013         0.25364±0.00040 
gatv2        690,981 [0, 1, 2]        0.79174±0.00078         0.16738±0.00028         0.02214±0.00002         0.88794±0.00026         0.00129±0.00000         0.00129±0.00000         0.68744±0.00168         0.00037±0.00000         0.98821±0.00012         0.29015±0.00083 
gat          701,683 [0, 1, 2]        0.78690±0.00078         0.16948±0.00035         0.02227±0.00004         0.88612±0.00018         0.00130±0.00001         0.00130±0.00001         0.70017±0.00219         0.00038±0.00000         0.98787±0.00006         0.29360±0.00036 
gcn          694,032 [0, 1, 2]        0.76471±0.00013         0.17755±0.00009         0.02314±0.00011         0.87922±0.00024         0.00136±0.00000         0.00136±0.00000         0.76219±0.00040         0.00043±0.00000         0.98555±0.00007         0.31342±0.00143 
----------------------------------------------------------------------------------------------------------------------------------

Best-metric count (* = best mean across models):
  schnet    : 10/10  ██████████

CSV saved:   results/comparison_table_level1.csv
LaTeX saved: results/comparison_table_level1.tex
Done. Results: results/comparison_table_level1.csv
