Job started: Wed Jun 17 12:32:20 PM MSK 2026
Node: aihub
Wed Jun 17 12:32:20 2026       
+-----------------------------------------------------------------------------------------+
| NVIDIA-SMI 580.159.03             Driver Version: 580.159.03     CUDA Version: 13.0     |
+-----------------------------------------+------------------------+----------------------+
| GPU  Name                 Persistence-M | Bus-Id          Disp.A | Volatile Uncorr. ECC |
| Fan  Temp   Perf          Pwr:Usage/Cap |           Memory-Usage | GPU-Util  Compute M. |
|                                         |                        |               MIG M. |
|=========================================+========================+======================|
|   0  NVIDIA RTX A6000               Off |   00000000:01:00.0 Off |                  Off |
| 45%   72C    P2            284W /  300W |   26446MiB /  49140MiB |    100%      Default |
|                                         |                        |                  N/A |
+-----------------------------------------+------------------------+----------------------+
|   1  NVIDIA RTX A6000               Off |   00000000:25:00.0 Off |                  Off |
| 30%   27C    P8             20W /  300W |       4MiB /  49140MiB |      0%      Default |
|                                         |                        |                  N/A |
+-----------------------------------------+------------------------+----------------------+
|   2  NVIDIA RTX A6000               Off |   00000000:41:00.0 Off |                  Off |
| 30%   46C    P2            148W /  300W |    2890MiB /  49140MiB |     38%      Default |
|                                         |                        |                  N/A |
+-----------------------------------------+------------------------+----------------------+
|   3  NVIDIA RTX A6000               Off |   00000000:81:00.0 Off |                  Off |
| 43%   71C    P2            296W /  300W |   30818MiB /  49140MiB |    100%      Default |
|                                         |                        |                  N/A |
+-----------------------------------------+------------------------+----------------------+
|   4  NVIDIA RTX A6000               Off |   00000000:A1:00.0 Off |                  Off |
| 45%   72C    P2            297W /  300W |   43416MiB /  49140MiB |    100%      Default |
|                                         |                        |                  N/A |
+-----------------------------------------+------------------------+----------------------+
|   5  NVIDIA RTX A6000               Off |   00000000:C2:00.0 Off |                  Off |
| 40%   68C    P2            293W /  300W |   33214MiB /  49140MiB |    100%      Default |
|                                         |                        |                  N/A |
+-----------------------------------------+------------------------+----------------------+

+-----------------------------------------------------------------------------------------+
| Processes:                                                                              |
|  GPU   GI   CI              PID   Type   Process name                        GPU Memory |
|        ID   ID                                                               Usage      |
|=========================================================================================|
|    0   N/A  N/A         3544362      C   ...onda3/envs/frmedqa/bin/python      26430MiB |
|    2   N/A  N/A          761768      C   python                                 2880MiB |
|    3   N/A  N/A          936527      C   ...envs/fakeshield/bin/python3.9      30808MiB |
|    4   N/A  N/A          936528      C   ...envs/fakeshield/bin/python3.9      43406MiB |
|    5   N/A  N/A          936529      C   ...envs/fakeshield/bin/python3.9      33204MiB |
+-----------------------------------------------------------------------------------------+
Models: attentive_fp dmpnn gps
Seeds:  0 1 2

=========================================
  attentive_fp | seed 0 | Wed Jun 17 12:32:20 PM MSK 2026
=========================================
  Done: attentive_fp seed 0

=========================================
  attentive_fp | seed 1 | Wed Jun 17 03:52:29 PM MSK 2026
=========================================
  Done: attentive_fp seed 1

=========================================
  attentive_fp | seed 2 | Wed Jun 17 07:04:40 PM MSK 2026
=========================================
  Done: attentive_fp seed 2

=========================================
  dmpnn | seed 0 | Wed Jun 17 10:19:03 PM MSK 2026
=========================================
  Done: dmpnn seed 0

=========================================
  dmpnn | seed 1 | Wed Jun 17 10:37:33 PM MSK 2026
=========================================
  Done: dmpnn seed 1

=========================================
  dmpnn | seed 2 | Wed Jun 17 10:55:43 PM MSK 2026
=========================================
