Job started: Tue Jun 23 05:28:20 PM MSK 2026
Node: aihub
Tue Jun 23 17:28:20 2026       
+-----------------------------------------------------------------------------------------+
| NVIDIA-SMI 580.159.03             Driver Version: 580.159.03     CUDA Version: 13.0     |
+-----------------------------------------+------------------------+----------------------+
| GPU  Name                 Persistence-M | Bus-Id          Disp.A | Volatile Uncorr. ECC |
| Fan  Temp   Perf          Pwr:Usage/Cap |           Memory-Usage | GPU-Util  Compute M. |
|                                         |                        |               MIG M. |
|=========================================+========================+======================|
|   0  NVIDIA RTX A6000               Off |   00000000:01:00.0 Off |                  Off |
| 33%   54C    P8             21W /  300W |    4926MiB /  49140MiB |      0%      Default |
|                                         |                        |                  N/A |
+-----------------------------------------+------------------------+----------------------+
|   1  NVIDIA RTX A6000               Off |   00000000:25:00.0 Off |                  Off |
| 30%   31C    P8             20W /  300W |       1MiB /  49140MiB |      0%      Default |
|                                         |                        |                  N/A |
+-----------------------------------------+------------------------+----------------------+
|   2  NVIDIA RTX A6000               Off |   00000000:41:00.0 Off |                  Off |
| 30%   29C    P8             20W /  300W |       1MiB /  49140MiB |      0%      Default |
|                                         |                        |                  N/A |
+-----------------------------------------+------------------------+----------------------+
|   3  NVIDIA RTX A6000               Off |   00000000:81:00.0 Off |                  Off |
| 30%   28C    P8             14W /  300W |       1MiB /  49140MiB |      0%      Default |
|                                         |                        |                  N/A |
+-----------------------------------------+------------------------+----------------------+
|   4  NVIDIA RTX A6000               Off |   00000000:A1:00.0 Off |                  Off |
| 30%   30C    P8             25W /  300W |       1MiB /  49140MiB |      0%      Default |
|                                         |                        |                  N/A |
+-----------------------------------------+------------------------+----------------------+
|   5  NVIDIA RTX A6000               Off |   00000000:C2:00.0 Off |                  Off |
| 30%   28C    P8             19W /  300W |       1MiB /  49140MiB |      0%      Default |
|                                         |                        |                  N/A |
+-----------------------------------------+------------------------+----------------------+

+-----------------------------------------------------------------------------------------+
| Processes:                                                                              |
|  GPU   GI   CI              PID   Type   Process name                        GPU Memory |
|        ID   ID                                                               Usage      |
|=========================================================================================|
|    0   N/A  N/A         1473528      C   ...026.1/build_gpu/bin/cp2k.psmp       1220MiB |
|    0   N/A  N/A         1473529      C   ...026.1/build_gpu/bin/cp2k.psmp       1222MiB |
|    0   N/A  N/A         1473530      C   ...026.1/build_gpu/bin/cp2k.psmp       1226MiB |
|    0   N/A  N/A         1473531      C   ...026.1/build_gpu/bin/cp2k.psmp       1224MiB |
+-----------------------------------------------------------------------------------------+
Models: dmpnn
Seeds:  0 1 2

=========================================
  dmpnn [2D] | seed 0 | Tue Jun 23 05:28:22 PM MSK 2026
=========================================
