/bin/bash: /mnt/tank/scratch/ikarpushkina/miniconda3/lib/libtinfo.so.6: no version information available (required by /bin/bash)
2026-06-23 16:32:55,720 - INFO - Device: cuda
2026-06-23 16:32:55,776 - INFO - Building [2d_pure] dataset from /mnt/tank/scratch/ikarpushkina/sigma/ASPEN/data/train_test_val_df/chaos_atomic_train_with_coordinates.parquet (no cache)
2026-06-23 16:36:52,593 - INFO - Caching dataset [2d_pure]: /mnt/tank/scratch/ikarpushkina/sigma/ASPEN/data/train_test_val_df/cache/chaos_atomic_train_with_coordinates.parquet.5773dbaf22.pt
2026-06-23 16:37:22,346 - INFO - chaos_atomic_train_with_coordinates.parquet [2d_pure]: 36981 mols, 1077949 atoms, RDKit valid: 36981/36981 (100.0%)
2026-06-23 16:37:22,348 - INFO - Building [2d_pure] dataset from /mnt/tank/scratch/ikarpushkina/sigma/ASPEN/data/train_test_val_df/chaos_atomic_val_with_coordinates.parquet (no cache)
2026-06-23 16:38:47,779 - INFO - Caching dataset [2d_pure]: /mnt/tank/scratch/ikarpushkina/sigma/ASPEN/data/train_test_val_df/cache/chaos_atomic_val_with_coordinates.parquet.5773dbaf22.pt
2026-06-23 16:38:51,283 - INFO - chaos_atomic_val_with_coordinates.parquet [2d_pure]: 7941 mols, 235573 atoms, RDKit valid: 7941/7941 (100.0%)
2026-06-23 16:38:51,286 - INFO - Building [2d_pure] dataset from /mnt/tank/scratch/ikarpushkina/sigma/ASPEN/data/train_test_val_df/chaos_atomic_test_with_coordinates.parquet (no cache)
2026-06-23 16:39:54,308 - INFO - Caching dataset [2d_pure]: /mnt/tank/scratch/ikarpushkina/sigma/ASPEN/data/train_test_val_df/cache/chaos_atomic_test_with_coordinates.parquet.5773dbaf22.pt
2026-06-23 16:40:02,292 - INFO - chaos_atomic_test_with_coordinates.parquet [2d_pure]: 7800 mols, 221748 atoms, RDKit valid: 7800/7800 (100.0%)
2026-06-23 16:40:07,159 - INFO - dmpnn: 697,342 params (target 695,667, diff 0.2%)
Traceback (most recent call last):
  File "/mnt/tank/scratch/ikarpushkina/miniconda3/envs/sigma/lib/python3.10/runpy.py", line 196, in _run_module_as_main
    return _run_code(code, main_globals, None,
  File "/mnt/tank/scratch/ikarpushkina/miniconda3/envs/sigma/lib/python3.10/runpy.py", line 86, in _run_code
    exec(code, run_globals)
  File "/mnt/tank/scratch/ikarpushkina/sigma/ASPEN_benchmark/ASPEN/src/train.py", line 247, in <module>
    main()
  File "/mnt/tank/scratch/ikarpushkina/sigma/ASPEN_benchmark/ASPEN/src/train.py", line 172, in main
    preds = model(data)
  File "/mnt/tank/scratch/ikarpushkina/miniconda3/envs/sigma/lib/python3.10/site-packages/torch/nn/modules/module.py", line 1736, in _wrapped_call_impl
    return self._call_impl(*args, **kwargs)
  File "/mnt/tank/scratch/ikarpushkina/miniconda3/envs/sigma/lib/python3.10/site-packages/torch/nn/modules/module.py", line 1747, in _call_impl
    return forward_call(*args, **kwargs)
  File "/mnt/tank/scratch/ikarpushkina/sigma/ASPEN_benchmark/ASPEN/src/models/dmpnn.py", line 203, in forward
    h_bond = self.conv(h_bond, h_init, data.edge_index, rev_idx, N)
  File "/mnt/tank/scratch/ikarpushkina/miniconda3/envs/sigma/lib/python3.10/site-packages/torch/nn/modules/module.py", line 1736, in _wrapped_call_impl
    return self._call_impl(*args, **kwargs)
  File "/mnt/tank/scratch/ikarpushkina/miniconda3/envs/sigma/lib/python3.10/site-packages/torch/nn/modules/module.py", line 1747, in _call_impl
    return forward_call(*args, **kwargs)
  File "/mnt/tank/scratch/ikarpushkina/sigma/ASPEN_benchmark/ASPEN/src/models/dmpnn.py", line 104, in forward
    agg_full = self.propagate(
  File "/tmp/src.models.dmpnn_DMPNNConv_propagate_c0b7ionv.py", line 144, in propagate
    kwargs = self.collect(
  File "/tmp/src.models.dmpnn_DMPNNConv_propagate_c0b7ionv.py", line 89, in collect
    self._set_size(size, j, x)
  File "/mnt/tank/scratch/ikarpushkina/miniconda3/envs/sigma/lib/python3.10/site-packages/torch_geometric/nn/conv/message_passing.py", line 259, in _set_size
    raise ValueError(
ValueError: Encountered tensor with size 1254 in dimension -2, but expected size 627.
2026-06-23 16:40:27,022 - INFO - Device: cuda
2026-06-23 16:40:27,022 - INFO - Loading cached dataset [2d_pure]: /mnt/tank/scratch/ikarpushkina/sigma/ASPEN/data/train_test_val_df/cache/chaos_atomic_train_with_coordinates.parquet.5773dbaf22.pt
2026-06-23 16:40:40,626 - INFO - chaos_atomic_train_with_coordinates.parquet [2d_pure]: 36981 mols, 1077949 atoms, RDKit valid: 36981/36981 (100.0%)
2026-06-23 16:40:40,627 - INFO - Loading cached dataset [2d_pure]: /mnt/tank/scratch/ikarpushkina/sigma/ASPEN/data/train_test_val_df/cache/chaos_atomic_val_with_coordinates.parquet.5773dbaf22.pt
2026-06-23 16:40:43,573 - INFO - chaos_atomic_val_with_coordinates.parquet [2d_pure]: 7941 mols, 235573 atoms, RDKit valid: 7941/7941 (100.0%)
2026-06-23 16:40:43,574 - INFO - Loading cached dataset [2d_pure]: /mnt/tank/scratch/ikarpushkina/sigma/ASPEN/data/train_test_val_df/cache/chaos_atomic_test_with_coordinates.parquet.5773dbaf22.pt
2026-06-23 16:40:46,638 - INFO - chaos_atomic_test_with_coordinates.parquet [2d_pure]: 7800 mols, 221748 atoms, RDKit valid: 7800/7800 (100.0%)
2026-06-23 16:40:47,351 - INFO - dmpnn: 697,342 params (target 695,667, diff 0.2%)
Traceback (most recent call last):
  File "/mnt/tank/scratch/ikarpushkina/miniconda3/envs/sigma/lib/python3.10/runpy.py", line 196, in _run_module_as_main
    return _run_code(code, main_globals, None,
  File "/mnt/tank/scratch/ikarpushkina/miniconda3/envs/sigma/lib/python3.10/runpy.py", line 86, in _run_code
    exec(code, run_globals)
  File "/mnt/tank/scratch/ikarpushkina/sigma/ASPEN_benchmark/ASPEN/src/train.py", line 247, in <module>
    main()
  File "/mnt/tank/scratch/ikarpushkina/sigma/ASPEN_benchmark/ASPEN/src/train.py", line 172, in main
    preds = model(data)
  File "/mnt/tank/scratch/ikarpushkina/miniconda3/envs/sigma/lib/python3.10/site-packages/torch/nn/modules/module.py", line 1736, in _wrapped_call_impl
    return self._call_impl(*args, **kwargs)
  File "/mnt/tank/scratch/ikarpushkina/miniconda3/envs/sigma/lib/python3.10/site-packages/torch/nn/modules/module.py", line 1747, in _call_impl
    return forward_call(*args, **kwargs)
  File "/mnt/tank/scratch/ikarpushkina/sigma/ASPEN_benchmark/ASPEN/src/models/dmpnn.py", line 203, in forward
    h_bond = self.conv(h_bond, h_init, data.edge_index, rev_idx, N)
  File "/mnt/tank/scratch/ikarpushkina/miniconda3/envs/sigma/lib/python3.10/site-packages/torch/nn/modules/module.py", line 1736, in _wrapped_call_impl
    return self._call_impl(*args, **kwargs)
  File "/mnt/tank/scratch/ikarpushkina/miniconda3/envs/sigma/lib/python3.10/site-packages/torch/nn/modules/module.py", line 1747, in _call_impl
    return forward_call(*args, **kwargs)
  File "/mnt/tank/scratch/ikarpushkina/sigma/ASPEN_benchmark/ASPEN/src/models/dmpnn.py", line 104, in forward
    agg_full = self.propagate(
  File "/tmp/src.models.dmpnn_DMPNNConv_propagate_rnuungb4.py", line 144, in propagate
    kwargs = self.collect(
  File "/tmp/src.models.dmpnn_DMPNNConv_propagate_rnuungb4.py", line 89, in collect
    self._set_size(size, j, x)
  File "/mnt/tank/scratch/ikarpushkina/miniconda3/envs/sigma/lib/python3.10/site-packages/torch_geometric/nn/conv/message_passing.py", line 259, in _set_size
    raise ValueError(
ValueError: Encountered tensor with size 1168 in dimension -2, but expected size 587.
2026-06-23 16:41:02,750 - INFO - Device: cuda
2026-06-23 16:41:02,751 - INFO - Loading cached dataset [2d_pure]: /mnt/tank/scratch/ikarpushkina/sigma/ASPEN/data/train_test_val_df/cache/chaos_atomic_train_with_coordinates.parquet.5773dbaf22.pt
2026-06-23 16:41:14,479 - INFO - chaos_atomic_train_with_coordinates.parquet [2d_pure]: 36981 mols, 1077949 atoms, RDKit valid: 36981/36981 (100.0%)
2026-06-23 16:41:14,480 - INFO - Loading cached dataset [2d_pure]: /mnt/tank/scratch/ikarpushkina/sigma/ASPEN/data/train_test_val_df/cache/chaos_atomic_val_with_coordinates.parquet.5773dbaf22.pt
2026-06-23 16:41:17,079 - INFO - chaos_atomic_val_with_coordinates.parquet [2d_pure]: 7941 mols, 235573 atoms, RDKit valid: 7941/7941 (100.0%)
2026-06-23 16:41:17,079 - INFO - Loading cached dataset [2d_pure]: /mnt/tank/scratch/ikarpushkina/sigma/ASPEN/data/train_test_val_df/cache/chaos_atomic_test_with_coordinates.parquet.5773dbaf22.pt
2026-06-23 16:41:19,764 - INFO - chaos_atomic_test_with_coordinates.parquet [2d_pure]: 7800 mols, 221748 atoms, RDKit valid: 7800/7800 (100.0%)
2026-06-23 16:41:20,495 - INFO - dmpnn: 697,342 params (target 695,667, diff 0.2%)
Traceback (most recent call last):
  File "/mnt/tank/scratch/ikarpushkina/miniconda3/envs/sigma/lib/python3.10/runpy.py", line 196, in _run_module_as_main
    return _run_code(code, main_globals, None,
  File "/mnt/tank/scratch/ikarpushkina/miniconda3/envs/sigma/lib/python3.10/runpy.py", line 86, in _run_code
    exec(code, run_globals)
  File "/mnt/tank/scratch/ikarpushkina/sigma/ASPEN_benchmark/ASPEN/src/train.py", line 247, in <module>
    main()
  File "/mnt/tank/scratch/ikarpushkina/sigma/ASPEN_benchmark/ASPEN/src/train.py", line 172, in main
    preds = model(data)
  File "/mnt/tank/scratch/ikarpushkina/miniconda3/envs/sigma/lib/python3.10/site-packages/torch/nn/modules/module.py", line 1736, in _wrapped_call_impl
    return self._call_impl(*args, **kwargs)
  File "/mnt/tank/scratch/ikarpushkina/miniconda3/envs/sigma/lib/python3.10/site-packages/torch/nn/modules/module.py", line 1747, in _call_impl
    return forward_call(*args, **kwargs)
  File "/mnt/tank/scratch/ikarpushkina/sigma/ASPEN_benchmark/ASPEN/src/models/dmpnn.py", line 203, in forward
    h_bond = self.conv(h_bond, h_init, data.edge_index, rev_idx, N)
  File "/mnt/tank/scratch/ikarpushkina/miniconda3/envs/sigma/lib/python3.10/site-packages/torch/nn/modules/module.py", line 1736, in _wrapped_call_impl
    return self._call_impl(*args, **kwargs)
  File "/mnt/tank/scratch/ikarpushkina/miniconda3/envs/sigma/lib/python3.10/site-packages/torch/nn/modules/module.py", line 1747, in _call_impl
    return forward_call(*args, **kwargs)
  File "/mnt/tank/scratch/ikarpushkina/sigma/ASPEN_benchmark/ASPEN/src/models/dmpnn.py", line 104, in forward
    agg_full = self.propagate(
  File "/tmp/src.models.dmpnn_DMPNNConv_propagate_y7v2b439.py", line 144, in propagate
    kwargs = self.collect(
  File "/tmp/src.models.dmpnn_DMPNNConv_propagate_y7v2b439.py", line 89, in collect
    self._set_size(size, j, x)
  File "/mnt/tank/scratch/ikarpushkina/miniconda3/envs/sigma/lib/python3.10/site-packages/torch_geometric/nn/conv/message_passing.py", line 259, in _set_size
    raise ValueError(
ValueError: Encountered tensor with size 1468 in dimension -2, but expected size 728.
