Job started: Tue Jun 23 05:30:45 PM MSK 2026
Node: aihub
Tue Jun 23 17:30:46 2026       
+-----------------------------------------------------------------------------------------+
| NVIDIA-SMI 580.159.03             Driver Version: 580.159.03     CUDA Version: 13.0     |
+-----------------------------------------+------------------------+----------------------+
| GPU  Name                 Persistence-M | Bus-Id          Disp.A | Volatile Uncorr. ECC |
| Fan  Temp   Perf          Pwr:Usage/Cap |           Memory-Usage | GPU-Util  Compute M. |
|                                         |                        |               MIG M. |
|=========================================+========================+======================|
|   0  NVIDIA RTX A6000               Off |   00000000:01:00.0 Off |                  Off |
| 30%   37C    P8             21W /  300W |    4926MiB /  49140MiB |      0%      Default |
|                                         |                        |                  N/A |
+-----------------------------------------+------------------------+----------------------+
|   1  NVIDIA RTX A6000               Off |   00000000:25:00.0 Off |                  Off |
| 30%   31C    P8             20W /  300W |       1MiB /  49140MiB |      0%      Default |
|                                         |                        |                  N/A |
+-----------------------------------------+------------------------+----------------------+
|   2  NVIDIA RTX A6000               Off |   00000000:41:00.0 Off |                  Off |
| 30%   29C    P8             20W /  300W |       1MiB /  49140MiB |      0%      Default |
|                                         |                        |                  N/A |
+-----------------------------------------+------------------------+----------------------+
|   3  NVIDIA RTX A6000               Off |   00000000:81:00.0 Off |                  Off |
| 30%   28C    P8             14W /  300W |       1MiB /  49140MiB |      0%      Default |
|                                         |                        |                  N/A |
+-----------------------------------------+------------------------+----------------------+
|   4  NVIDIA RTX A6000               Off |   00000000:A1:00.0 Off |                  Off |
| 30%   30C    P8             25W /  300W |       1MiB /  49140MiB |      0%      Default |
|                                         |                        |                  N/A |
+-----------------------------------------+------------------------+----------------------+
|   5  NVIDIA RTX A6000               Off |   00000000:C2:00.0 Off |                  Off |
| 30%   29C    P8             19W /  300W |       1MiB /  49140MiB |      0%      Default |
|                                         |                        |                  N/A |
+-----------------------------------------+------------------------+----------------------+

+-----------------------------------------------------------------------------------------+
| Processes:                                                                              |
|  GPU   GI   CI              PID   Type   Process name                        GPU Memory |
|        ID   ID                                                               Usage      |
|=========================================================================================|
|    0   N/A  N/A         1473528      C   ...026.1/build_gpu/bin/cp2k.psmp       1220MiB |
|    0   N/A  N/A         1473529      C   ...026.1/build_gpu/bin/cp2k.psmp       1222MiB |
|    0   N/A  N/A         1473530      C   ...026.1/build_gpu/bin/cp2k.psmp       1226MiB |
|    0   N/A  N/A         1473531      C   ...026.1/build_gpu/bin/cp2k.psmp       1224MiB |
+-----------------------------------------------------------------------------------------+
Models: dmpnn
Seeds:  0 1 2

=========================================
  dmpnn [2D] | seed 0 | Tue Jun 23 05:30:47 PM MSK 2026
=========================================
  Done: dmpnn seed 0

=========================================
  dmpnn [2D] | seed 1 | Tue Jun 23 07:55:53 PM MSK 2026
=========================================
  Done: dmpnn seed 1

=========================================
  dmpnn [2D] | seed 2 | Tue Jun 23 10:14:40 PM MSK 2026
=========================================
  Done: dmpnn seed 2

All runs finished: Wed Jun 24 12:37:32 AM MSK 2026
Aggregating results...
----------------------------------------------------------------------------------------------------------------------------------
  Benchmark results  |  loss=mse  |  dir: results/2d/metrics
  * = best mean for this metric
----------------------------------------------------------------------------------------------------------------------------------
model       n_params    seeds             weighted_r2            weighted_mae               polar_mae       cosine_similarity                 emd_raw          emd_normalized           molecular_mae           molecular_emd        molecular_cosine     molecular_polar_mae
----------------------------------------------------------------------------------------------------------------------------------
dmpnn        697,342 [0, 1, 2]        0.85196±0.00014*        0.14313±0.00007*        0.01976±0.00003*        0.90955±0.00005*        0.00109±0.00000*        0.00109±0.00000*        0.58220±0.00128*        0.00031±0.00000*        0.99200±0.00004*        0.25606±0.00019*
----------------------------------------------------------------------------------------------------------------------------------

Best-metric count (* = best mean across models):
  dmpnn     : 10/10  ██████████

CSV saved:   results/2d/comparison_table_level1_2d.csv
LaTeX saved: results/2d/comparison_table_level1_2d.tex
Done. Results: results/2d/comparison_table_level1_2d.csv
