Job started: Wed Jun 17 11:49:34 AM MSK 2026
Node: aihub
Wed Jun 17 11:49:35 2026       
+-----------------------------------------------------------------------------------------+
| NVIDIA-SMI 580.159.03             Driver Version: 580.159.03     CUDA Version: 13.0     |
+-----------------------------------------+------------------------+----------------------+
| GPU  Name                 Persistence-M | Bus-Id          Disp.A | Volatile Uncorr. ECC |
| Fan  Temp   Perf          Pwr:Usage/Cap |           Memory-Usage | GPU-Util  Compute M. |
|                                         |                        |               MIG M. |
|=========================================+========================+======================|
|   0  NVIDIA RTX A6000               Off |   00000000:01:00.0 Off |                  Off |
| 46%   72C    P2            284W /  300W |   26446MiB /  49140MiB |    100%      Default |
|                                         |                        |                  N/A |
+-----------------------------------------+------------------------+----------------------+
|   1  NVIDIA RTX A6000               Off |   00000000:25:00.0 Off |                  Off |
| 30%   28C    P8             20W /  300W |       4MiB /  49140MiB |      0%      Default |
|                                         |                        |                  N/A |
+-----------------------------------------+------------------------+----------------------+
|   2  NVIDIA RTX A6000               Off |   00000000:41:00.0 Off |                  Off |
| 30%   47C    P2            143W /  300W |    2834MiB /  49140MiB |     36%      Default |
|                                         |                        |                  N/A |
+-----------------------------------------+------------------------+----------------------+
|   3  NVIDIA RTX A6000               Off |   00000000:81:00.0 Off |                  Off |
| 44%   71C    P2            295W /  300W |   30452MiB /  49140MiB |    100%      Default |
|                                         |                        |                  N/A |
+-----------------------------------------+------------------------+----------------------+
|   4  NVIDIA RTX A6000               Off |   00000000:A1:00.0 Off |                  Off |
| 46%   72C    P2            289W /  300W |   43416MiB /  49140MiB |    100%      Default |
|                                         |                        |                  N/A |
+-----------------------------------------+------------------------+----------------------+
|   5  NVIDIA RTX A6000               Off |   00000000:C2:00.0 Off |                  Off |
| 41%   69C    P2            293W /  300W |   32938MiB /  49140MiB |    100%      Default |
|                                         |                        |                  N/A |
+-----------------------------------------+------------------------+----------------------+

+-----------------------------------------------------------------------------------------+
| Processes:                                                                              |
|  GPU   GI   CI              PID   Type   Process name                        GPU Memory |
|        ID   ID                                                               Usage      |
|=========================================================================================|
|    0   N/A  N/A         3544362      C   ...onda3/envs/frmedqa/bin/python      26430MiB |
|    2   N/A  N/A          761768      C   python                                 2824MiB |
|    3   N/A  N/A          936527      C   ...envs/fakeshield/bin/python3.9      30442MiB |
|    4   N/A  N/A          936528      C   ...envs/fakeshield/bin/python3.9      43406MiB |
|    5   N/A  N/A          936529      C   ...envs/fakeshield/bin/python3.9      32928MiB |
+-----------------------------------------------------------------------------------------+
Models: attentive_fp dmpnn gps
Seeds:  0 1 2

=========================================
  attentive_fp | seed 0 | Wed Jun 17 11:49:35 AM MSK 2026
=========================================
